Warning 24 in paper.tex line 65: Delete this space to maintain correct pagereferences.
\label{sec:intro}  
^
Warning 2 in paper.tex line 66: Non-breaking space (`~') should have been used.
Hyper-parameter optimisation (HPO) is indispensable for modern machine learning, yet exhaustive search rapidly becomes infeasible as models grow in size, data volume, and training cost. Multi-fidelity Bayesian optimisation (MF-BO) mitigates this burden by evaluating low-cost proxies – short training runs or smaller data subsets – to guide exploration of the full-budget objective \cite{frazier-2018-tutorial}. Current state-of-the-art MF-BO methods such as DyHPO \cite{wistuba-2022-supervising} and FastBO \cite{jiang-2024-efficient} learn a surrogate that jointly conditions on a candidate configuration $x$ and the training budget~$b$. An acquisition function then decides whether to continue training an existing model or to start a new one.  
                                                                                                                                                                                                                                                                                                                                                                                                 ^
Warning 2 in paper.tex line 66: Non-breaking space (`~') should have been used.
Hyper-parameter optimisation (HPO) is indispensable for modern machine learning, yet exhaustive search rapidly becomes infeasible as models grow in size, data volume, and training cost. Multi-fidelity Bayesian optimisation (MF-BO) mitigates this burden by evaluating low-cost proxies – short training runs or smaller data subsets – to guide exploration of the full-budget objective \cite{frazier-2018-tutorial}. Current state-of-the-art MF-BO methods such as DyHPO \cite{wistuba-2022-supervising} and FastBO \cite{jiang-2024-efficient} learn a surrogate that jointly conditions on a candidate configuration $x$ and the training budget~$b$. An acquisition function then decides whether to continue training an existing model or to start a new one.  
                                                                                                                                                                                                                                                                                                                                                                                                                                                                                    ^
Warning 2 in paper.tex line 66: Non-breaking space (`~') should have been used.
Hyper-parameter optimisation (HPO) is indispensable for modern machine learning, yet exhaustive search rapidly becomes infeasible as models grow in size, data volume, and training cost. Multi-fidelity Bayesian optimisation (MF-BO) mitigates this burden by evaluating low-cost proxies – short training runs or smaller data subsets – to guide exploration of the full-budget objective \cite{frazier-2018-tutorial}. Current state-of-the-art MF-BO methods such as DyHPO \cite{wistuba-2022-supervising} and FastBO \cite{jiang-2024-efficient} learn a surrogate that jointly conditions on a candidate configuration $x$ and the training budget~$b$. An acquisition function then decides whether to continue training an existing model or to start a new one.  
                                                                                                                                                                                                                                                                                                                                                                                                                                                                                                                               ^
Warning 13 in paper.tex line 76: Intersentence spacing (`\@') should perhaps be used.
  \item \textbf{Universal regulariser}: A universal, one-line monotonicity regulariser that drops into any learning-curve surrogate; demonstrated on DyHPO and FastBO.  
                                                                                                                                                                     ^
Warning 24 in paper.tex line 85: Delete this space to maintain correct pagereferences.
\label{sec:related}  
^
Warning 2 in paper.tex line 86: Non-breaking space (`~') should have been used.
Monotone Gaussian-process models date back to constrained kriging and virtual derivative observations, but the required projections or augmented likelihoods are computationally heavy and hard to integrate into modern deep-kernel surrogates \cite{frazier-2018-tutorial}. Deep Power Laws encode a parametric decreasing curve, forcing a custom kernel and sacrificing flexibility \cite{kadra-2023-scaling}. Deep Ranking Ensembles preserve the rank order of configurations but do not exploit budget structure \cite{khazi-2023-deep}. PriorBand and ColaBO accelerate optimisation by injecting user beliefs about promising regions yet leave learning-curve shape unconstrained \cite{mallik-2023-priorband,hvarfner-2023-general}.  
                                                                                                                                                                                                                                               ^
Warning 2 in paper.tex line 86: Non-breaking space (`~') should have been used.
Monotone Gaussian-process models date back to constrained kriging and virtual derivative observations, but the required projections or augmented likelihoods are computationally heavy and hard to integrate into modern deep-kernel surrogates \cite{frazier-2018-tutorial}. Deep Power Laws encode a parametric decreasing curve, forcing a custom kernel and sacrificing flexibility \cite{kadra-2023-scaling}. Deep Ranking Ensembles preserve the rank order of configurations but do not exploit budget structure \cite{khazi-2023-deep}. PriorBand and ColaBO accelerate optimisation by injecting user beliefs about promising regions yet leave learning-curve shape unconstrained \cite{mallik-2023-priorband,hvarfner-2023-general}.  
                                                                                                                                                                                                                                                                                                                                                                                       ^
Warning 2 in paper.tex line 86: Non-breaking space (`~') should have been used.
Monotone Gaussian-process models date back to constrained kriging and virtual derivative observations, but the required projections or augmented likelihoods are computationally heavy and hard to integrate into modern deep-kernel surrogates \cite{frazier-2018-tutorial}. Deep Power Laws encode a parametric decreasing curve, forcing a custom kernel and sacrificing flexibility \cite{kadra-2023-scaling}. Deep Ranking Ensembles preserve the rank order of configurations but do not exploit budget structure \cite{khazi-2023-deep}. PriorBand and ColaBO accelerate optimisation by injecting user beliefs about promising regions yet leave learning-curve shape unconstrained \cite{mallik-2023-priorband,hvarfner-2023-general}.  
                                                                                                                                                                                                                                                                                                                                                                                                                                                                                                                       ^
Warning 2 in paper.tex line 86: Non-breaking space (`~') should have been used.
Monotone Gaussian-process models date back to constrained kriging and virtual derivative observations, but the required projections or augmented likelihoods are computationally heavy and hard to integrate into modern deep-kernel surrogates \cite{frazier-2018-tutorial}. Deep Power Laws encode a parametric decreasing curve, forcing a custom kernel and sacrificing flexibility \cite{kadra-2023-scaling}. Deep Ranking Ensembles preserve the rank order of configurations but do not exploit budget structure \cite{khazi-2023-deep}. PriorBand and ColaBO accelerate optimisation by injecting user beliefs about promising regions yet leave learning-curve shape unconstrained \cite{mallik-2023-priorband,hvarfner-2023-general}.  
                                                                                                                                                                                                                                                                                                                                                                                                                                                                                                                                                                                                                                                                                           ^
Warning 2 in paper.tex line 88: Non-breaking space (`~') should have been used.
DyHPO introduced a deep-kernel GP tailored to learning curves and an entropy-based acquisition across budgets \cite{wistuba-2022-supervising}, while FastBO couples a tree-ensemble surrogate with an adaptive fidelity selector \cite{jiang-2024-efficient}. Both achieve state-of-the-art regret but learn unconstrained means and therefore produce non-monotone artefacts. Our regulariser complements these methods by adding a mild inductive bias without touching their kernels or acquisition rules.  
                                                                                                             ^
Warning 2 in paper.tex line 88: Non-breaking space (`~') should have been used.
DyHPO introduced a deep-kernel GP tailored to learning curves and an entropy-based acquisition across budgets \cite{wistuba-2022-supervising}, while FastBO couples a tree-ensemble surrogate with an adaptive fidelity selector \cite{jiang-2024-efficient}. Both achieve state-of-the-art regret but learn unconstrained means and therefore produce non-monotone artefacts. Our regulariser complements these methods by adding a mild inductive bias without touching their kernels or acquisition rules.  
                                                                                                                                                                                                                                ^
Warning 2 in paper.tex line 90: Non-breaking space (`~') should have been used.
Scheduler-based alternatives such as PASHA \cite{bohdal-2022-pasha} and PB2 \cite{parkerholder-2020-provably} rely on successive-halving or population-bandit heuristics rather than full surrogates; nonetheless they still benefit from accurate learning-curve prediction when a surrogate guides their pruning or resampling. Transfer-learning surrogates for few-shot HPO \cite{wistuba-2021-few} and meta-bandit algorithms \cite{khodak-2023-meta} share information across tasks but do not address within-task monotonicity, making our approach complementary.  
                                          ^
Warning 2 in paper.tex line 90: Non-breaking space (`~') should have been used.
Scheduler-based alternatives such as PASHA \cite{bohdal-2022-pasha} and PB2 \cite{parkerholder-2020-provably} rely on successive-halving or population-bandit heuristics rather than full surrogates; nonetheless they still benefit from accurate learning-curve prediction when a surrogate guides their pruning or resampling. Transfer-learning surrogates for few-shot HPO \cite{wistuba-2021-few} and meta-bandit algorithms \cite{khodak-2023-meta} share information across tasks but do not address within-task monotonicity, making our approach complementary.  
                                                                           ^
Warning 2 in paper.tex line 90: Non-breaking space (`~') should have been used.
Scheduler-based alternatives such as PASHA \cite{bohdal-2022-pasha} and PB2 \cite{parkerholder-2020-provably} rely on successive-halving or population-bandit heuristics rather than full surrogates; nonetheless they still benefit from accurate learning-curve prediction when a surrogate guides their pruning or resampling. Transfer-learning surrogates for few-shot HPO \cite{wistuba-2021-few} and meta-bandit algorithms \cite{khodak-2023-meta} share information across tasks but do not address within-task monotonicity, making our approach complementary.  
                                                                                                                                                                                                                                                                                                                                                                               ^
Warning 2 in paper.tex line 90: Non-breaking space (`~') should have been used.
Scheduler-based alternatives such as PASHA \cite{bohdal-2022-pasha} and PB2 \cite{parkerholder-2020-provably} rely on successive-halving or population-bandit heuristics rather than full surrogates; nonetheless they still benefit from accurate learning-curve prediction when a surrogate guides their pruning or resampling. Transfer-learning surrogates for few-shot HPO \cite{wistuba-2021-few} and meta-bandit algorithms \cite{khodak-2023-meta} share information across tasks but do not address within-task monotonicity, making our approach complementary.  
                                                                                                                                                                                                                                                                                                                                                                                                                                  ^
Warning 24 in paper.tex line 95: Delete this space to maintain correct pagereferences.
\label{sec:background}  
^
Warning 2 in paper.tex line 98: Non-breaking space (`~') should have been used.
DyHPO surrogate. DyHPO employs a deep-kernel Gaussian process: an MLP $\phi$ embeds $(x,b)$ into a latent space where a Matérn kernel operates \cite{wistuba-2022-supervising}. The parameters $\theta$ include GP hyper-parameters and network weights and are learned by minimising the negative log-marginal likelihood $L_{\mathrm{nll}}(\theta)$.  
                                                                                                                                               ^
Warning 24 in paper.tex line 103: Delete this space to maintain correct pagereferences.
\label{sec:method}  
^
Warning 3 in paper.tex line 105: You should enclose the previous parenthesis with `{}'.
Let $D=\{(x_k,b_k,y_k)\}_{k=1}^{N}$ be the data. Consider all index pairs $(i,j)$ such that $x_i=x_j$ and $b_i<b_j$. Define the individual violation  
                      ^^
Warning 3 in paper.tex line 107: You should enclose the previous parenthesis with `{}'.
  v_{ij}(\theta)=\max\bigl\{0,\;m(x_i,b_i;\theta)-m(x_j,b_j;\theta)\bigr\}^{2}.  
                                                                        ^^
Warning 1 in paper.tex line 127: Command terminated with space.
    \State \textbf{Input:} data $D=\{(x_k,b_k,y_k)\}_{k=1}^{N}$, weight $\lambda$, parameters $\theta$, learning rate $\eta$  
          ^
Warning 3 in paper.tex line 127: You should enclose the previous parenthesis with `{}'.
    \State \textbf{Input:} data $D=\{(x_k,b_k,y_k)\}_{k=1}^{N}$, weight $\lambda$, parameters $\theta$, learning rate $\eta$  
                                                  ^^
Warning 1 in paper.tex line 128: Command terminated with space.
    \Repeat  
           ^
Warning 1 in paper.tex line 129: Command terminated with space.
      \State Compute negative log-marginal likelihood $L_{\mathrm{nll}}(\theta)$  
            ^
Warning 1 in paper.tex line 130: Command terminated with space.
      \State Build pair set $\mathcal{P}=\{(i,j): x_i=x_j,\ b_i<b_j\}$  
            ^
Warning 1 in paper.tex line 131: Command terminated with space.
      \State \textbf{for} all $(i,j)\in\mathcal{P}$ \textbf{do} $v_{ij}\leftarrow\max\{0,\,m(x_i,b_i;\theta)-m(x_j,b_j;\theta)\}^{2}$  
            ^
Warning 3 in paper.tex line 131: You should enclose the previous parenthesis with `{}'.
      \State \textbf{for} all $(i,j)\in\mathcal{P}$ \textbf{do} $v_{ij}\leftarrow\max\{0,\,m(x_i,b_i;\theta)-m(x_j,b_j;\theta)\}^{2}$  
                                                                                                                              ^^
Warning 1 in paper.tex line 132: Command terminated with space.
      \State $L_{\mathrm{mono}}\leftarrow\operatorname{mean}_{(i,j)\in\mathcal{P}} v_{ij}$  
            ^
Warning 1 in paper.tex line 133: Command terminated with space.
      \State Total loss: $L\leftarrow L_{\mathrm{nll}}+\lambda\,L_{\mathrm{mono}}$  
            ^
Warning 1 in paper.tex line 134: Command terminated with space.
      \State Update parameters: $\theta\leftarrow\theta-\eta\,\nabla_{\theta}L$  
            ^
Warning 24 in paper.tex line 140: Delete this space to maintain correct pagereferences.
\label{sec:experimental}  
^
Warning 2 in paper.tex line 148: Non-breaking space (`~') should have been used.
The surrogate is embedded into PB2 \cite{parkerholder-2020-provably} for GPT-2-Medium fine-tuned on WikiText-103. Thirty-two concurrent agents run on eight A100 GPUs for forty-eight hours. Primary metric: GPU-hours until validation perplexity $\leq 50$. Secondary metrics: final perplexity, peak VRAM, and surrogate overhead.  
                                  ^
Warning 24 in paper.tex line 154: Delete this space to maintain correct pagereferences.
\label{sec:results}  
^
Warning 13 in paper.tex line 155: Intersentence spacing (`\@') should perhaps be used.
\textbf{Surrogate fidelity.} On the thirty-five-task suite DyHPO+Mono reduces held-out learning-curve RMSE by a median 18\,\% (inter-quartile range 15–25\,\%) over vanilla DyHPO and by 12\,\% over FastBO. The monotonicity-violation rate drops from $0.76\ \pm\ 0.05$ to $0.31\ \pm\ 0.04$.  
                                                                                                                                                                                                             ^
Warning 24 in paper.tex line 180: Delete this space to maintain correct pagereferences.
\label{sec:conclusion}  
^
